Analysis & Synthesis report for First_project
Wed Oct 29 23:36:17 2014
Quartus II 32-bit Version 11.1 Build 216 11/23/2011 Service Pack 1 SJ Full Version


---------------------
; Table of Contents ;
---------------------
  1. Legal Notice
  2. Analysis & Synthesis Summary
  3. Analysis & Synthesis Settings
  4. Parallel Compilation
  5. Analysis & Synthesis Source Files Read
  6. Analysis & Synthesis Resource Usage Summary
  7. Analysis & Synthesis Resource Utilization by Entity
  8. Registers Removed During Synthesis
  9. Removed Registers Triggering Further Register Optimizations
 10. General Register Statistics
 11. Inverted Register Statistics
 12. Multiplexer Restructuring Statistics (Restructuring Performed)
 13. Port Connectivity Checks: "SETPOS:STPS"
 14. Port Connectivity Checks: "SPI_slave:SPI_MODULE"
 15. Analysis & Synthesis Messages
 16. Analysis & Synthesis Suppressed Messages



----------------
; Legal Notice ;
----------------
Copyright (C) 1991-2011 Altera Corporation
Your use of Altera Corporation's design tools, logic functions 
and other software and tools, and its AMPP partner logic 
functions, and any output files from any of the foregoing 
(including device programming or simulation files), and any 
associated documentation or information are expressly subject 
to the terms and conditions of the Altera Program License 
Subscription Agreement, Altera MegaCore Function License 
Agreement, or other applicable license agreement, including, 
without limitation, that your use is for the sole purpose of 
programming logic devices manufactured by Altera and sold by 
Altera or its authorized distributors.  Please refer to the 
applicable agreement for further details.



+------------------------------------------------------------------------------+
; Analysis & Synthesis Summary                                                 ;
+-----------------------------+------------------------------------------------+
; Analysis & Synthesis Status ; Successful - Wed Oct 29 23:36:17 2014          ;
; Quartus II 32-bit Version   ; 11.1 Build 216 11/23/2011 SP 1 SJ Full Version ;
; Revision Name               ; First_project                                  ;
; Top-level Entity Name       ; First_project                                  ;
; Family                      ; MAX II                                         ;
; Total logic elements        ; 537                                            ;
; Total pins                  ; 28                                             ;
; Total virtual pins          ; 0                                              ;
; UFM blocks                  ; 0 / 1 ( 0 % )                                  ;
+-----------------------------+------------------------------------------------+


+----------------------------------------------------------------------------------------------------------------------+
; Analysis & Synthesis Settings                                                                                        ;
+----------------------------------------------------------------------------+--------------------+--------------------+
; Option                                                                     ; Setting            ; Default Value      ;
+----------------------------------------------------------------------------+--------------------+--------------------+
; Device                                                                     ; EPM570T100C5       ;                    ;
; Top-level entity name                                                      ; First_project      ; First_project      ;
; Family name                                                                ; MAX II             ; Cyclone IV GX      ;
; Use smart compilation                                                      ; Off                ; Off                ;
; Enable parallel Assembler and TimeQuest Timing Analyzer during compilation ; On                 ; On                 ;
; Enable compact report table                                                ; Off                ; Off                ;
; Restructure Multiplexers                                                   ; Auto               ; Auto               ;
; Create Debugging Nodes for IP Cores                                        ; Off                ; Off                ;
; Preserve fewer node names                                                  ; On                 ; On                 ;
; Disable OpenCore Plus hardware evaluation                                  ; Off                ; Off                ;
; Verilog Version                                                            ; Verilog_2001       ; Verilog_2001       ;
; VHDL Version                                                               ; VHDL_1993          ; VHDL_1993          ;
; State Machine Processing                                                   ; Auto               ; Auto               ;
; Safe State Machine                                                         ; Off                ; Off                ;
; Extract Verilog State Machines                                             ; On                 ; On                 ;
; Extract VHDL State Machines                                                ; On                 ; On                 ;
; Ignore Verilog initial constructs                                          ; Off                ; Off                ;
; Iteration limit for constant Verilog loops                                 ; 5000               ; 5000               ;
; Iteration limit for non-constant Verilog loops                             ; 250                ; 250                ;
; Add Pass-Through Logic to Inferred RAMs                                    ; On                 ; On                 ;
; Infer RAMs from Raw Logic                                                  ; On                 ; On                 ;
; Parallel Synthesis                                                         ; On                 ; On                 ;
; NOT Gate Push-Back                                                         ; On                 ; On                 ;
; Power-Up Don't Care                                                        ; On                 ; On                 ;
; Remove Redundant Logic Cells                                               ; Off                ; Off                ;
; Remove Duplicate Registers                                                 ; On                 ; On                 ;
; Ignore CARRY Buffers                                                       ; Off                ; Off                ;
; Ignore CASCADE Buffers                                                     ; Off                ; Off                ;
; Ignore GLOBAL Buffers                                                      ; Off                ; Off                ;
; Ignore ROW GLOBAL Buffers                                                  ; Off                ; Off                ;
; Ignore LCELL Buffers                                                       ; Off                ; Off                ;
; Ignore SOFT Buffers                                                        ; On                 ; On                 ;
; Limit AHDL Integers to 32 Bits                                             ; Off                ; Off                ;
; Optimization Technique                                                     ; Balanced           ; Balanced           ;
; Carry Chain Length                                                         ; 70                 ; 70                 ;
; Auto Carry Chains                                                          ; On                 ; On                 ;
; Auto Open-Drain Pins                                                       ; On                 ; On                 ;
; Perform WYSIWYG Primitive Resynthesis                                      ; Off                ; Off                ;
; Auto Shift Register Replacement                                            ; Auto               ; Auto               ;
; Allow Shift Register Merging across Hierarchies                            ; Auto               ; Auto               ;
; Auto Clock Enable Replacement                                              ; On                 ; On                 ;
; Allow Synchronous Control Signals                                          ; On                 ; On                 ;
; Force Use of Synchronous Clear Signals                                     ; Off                ; Off                ;
; Auto Resource Sharing                                                      ; Off                ; Off                ;
; Use LogicLock Constraints during Resource Balancing                        ; On                 ; On                 ;
; Ignore translate_off and synthesis_off directives                          ; Off                ; Off                ;
; Report Parameter Settings                                                  ; On                 ; On                 ;
; Report Source Assignments                                                  ; On                 ; On                 ;
; Report Connectivity Checks                                                 ; On                 ; On                 ;
; Ignore Maximum Fan-Out Assignments                                         ; Off                ; Off                ;
; Synchronization Register Chain Length                                      ; 2                  ; 2                  ;
; PowerPlay Power Optimization                                               ; Normal compilation ; Normal compilation ;
; HDL message level                                                          ; Level2             ; Level2             ;
; Suppress Register Optimization Related Messages                            ; Off                ; Off                ;
; Number of Removed Registers Reported in Synthesis Report                   ; 5000               ; 5000               ;
; Number of Inverted Registers Reported in Synthesis Report                  ; 100                ; 100                ;
; Clock MUX Protection                                                       ; On                 ; On                 ;
; Block Design Naming                                                        ; Auto               ; Auto               ;
; Synthesis Effort                                                           ; Auto               ; Auto               ;
; Shift Register Replacement - Allow Asynchronous Clear Signal               ; On                 ; On                 ;
; Analysis & Synthesis Message Level                                         ; Medium             ; Medium             ;
; Disable Register Merging Across Hierarchies                                ; Auto               ; Auto               ;
; Synthesis Seed                                                             ; 1                  ; 1                  ;
+----------------------------------------------------------------------------+--------------------+--------------------+


+------------------------------------------+
; Parallel Compilation                     ;
+----------------------------+-------------+
; Processors                 ; Number      ;
+----------------------------+-------------+
; Number detected on machine ; 4           ;
; Maximum allowed            ; 4           ;
;                            ;             ;
; Average used               ; 1.00        ;
; Maximum used               ; 1           ;
;                            ;             ;
; Usage by Processor         ; % Time Used ;
;     1 processor            ; 100.0%      ;
;     2-4 processors         ;   0.0%      ;
+----------------------------+-------------+


+-------------------------------------------------------------------------------------------------------------+
; Analysis & Synthesis Source Files Read                                                                      ;
+----------------------------------+-----------------+------------------------+-------------------------------+
; File Name with User-Entered Path ; Used in Netlist ; File Type              ; File Name with Absolute Path  ;
+----------------------------------+-----------------+------------------------+-------------------------------+
; frqdiv.v                         ; yes             ; User Verilog HDL File  ; I:/Smart_Home/frqdiv.v        ;
; spi_slave.v                      ; yes             ; User Verilog HDL File  ; I:/Smart_Home/spi_slave.v     ;
; First_project.v                  ; yes             ; User Verilog HDL File  ; I:/Smart_Home/First_project.v ;
; stepdirdriver.v                  ; yes             ; User Verilog HDL File  ; I:/Smart_Home/stepdirdriver.v ;
; SETPOS.v                         ; yes             ; User Verilog HDL File  ; I:/Smart_Home/SETPOS.v        ;
; relay.v                          ; yes             ; User Verilog HDL File  ; I:/Smart_Home/relay.v         ;
; Energy_saver.v                   ; yes             ; User Verilog HDL File  ; I:/Smart_Home/Energy_saver.v  ;
; PWM_Channel1.v                   ; yes             ; User Verilog HDL File  ; I:/Smart_Home/PWM_Channel1.v  ;
; Humidity.v                       ; yes             ; User Verilog HDL File  ; I:/Smart_Home/Humidity.v      ;
; five_sec.v                       ; yes             ; User Verilog HDL File  ; I:/Smart_Home/five_sec.v      ;
+----------------------------------+-----------------+------------------------+-------------------------------+


+------------------------------------------------------+
; Analysis & Synthesis Resource Usage Summary          ;
+---------------------------------------------+--------+
; Resource                                    ; Usage  ;
+---------------------------------------------+--------+
; Total logic elements                        ; 537    ;
;     -- Combinational with no register       ; 274    ;
;     -- Register only                        ; 141    ;
;     -- Combinational with a register        ; 122    ;
;                                             ;        ;
; Logic element usage by number of LUT inputs ;        ;
;     -- 4 input functions                    ; 69     ;
;     -- 3 input functions                    ; 183    ;
;     -- 2 input functions                    ; 136    ;
;     -- 1 input functions                    ; 8      ;
;     -- 0 input functions                    ; 0      ;
;                                             ;        ;
; Logic elements by mode                      ;        ;
;     -- normal mode                          ; 364    ;
;     -- arithmetic mode                      ; 173    ;
;     -- qfbk mode                            ; 0      ;
;     -- register cascade mode                ; 0      ;
;     -- synchronous clear/load mode          ; 17     ;
;     -- asynchronous clear/load mode         ; 0      ;
;                                             ;        ;
; Total registers                             ; 263    ;
; Total logic cells in carry chains           ; 191    ;
; I/O pins                                    ; 28     ;
; Maximum fan-out node                        ; clk50M ;
; Maximum fan-out                             ; 177    ;
; Total fan-out                               ; 1721   ;
; Average fan-out                             ; 3.05   ;
+---------------------------------------------+--------+


+--------------------------------------------------------------------------------------------------------------------------------------------------------------------------------------------------------------------------------------+
; Analysis & Synthesis Resource Utilization by Entity                                                                                                                                                                                  ;
+----------------------------+-------------+--------------+------------+------+--------------+--------------+-------------------+------------------+-----------------+------------+-------------------------------------+--------------+
; Compilation Hierarchy Node ; Logic Cells ; LC Registers ; UFM Blocks ; Pins ; Virtual Pins ; LUT-Only LCs ; Register-Only LCs ; LUT/Register LCs ; Carry Chain LCs ; Packed LCs ; Full Hierarchy Name                 ; Library Name ;
+----------------------------+-------------+--------------+------------+------+--------------+--------------+-------------------+------------------+-----------------+------------+-------------------------------------+--------------+
; |First_project             ; 537 (0)     ; 263          ; 0          ; 28   ; 0            ; 274 (0)      ; 141 (0)           ; 122 (0)          ; 191 (0)         ; 0 (0)      ; |First_project                      ; work         ;
;    |Energy_saver:E_s|      ; 4 (4)       ; 0            ; 0          ; 0    ; 0            ; 4 (4)        ; 0 (0)             ; 0 (0)            ; 0 (0)           ; 0 (0)      ; |First_project|Energy_saver:E_s     ; work         ;
;    |Humidity:Hum|          ; 109 (109)   ; 32           ; 0          ; 0    ; 0            ; 77 (77)      ; 5 (5)             ; 27 (27)          ; 21 (21)         ; 0 (0)      ; |First_project|Humidity:Hum         ; work         ;
;    |PWM:p_w_m|             ; 88 (88)     ; 8            ; 0          ; 0    ; 0            ; 80 (80)      ; 0 (0)             ; 8 (8)            ; 87 (87)         ; 0 (0)      ; |First_project|PWM:p_w_m            ; work         ;
;    |RELAY:RL|              ; 1 (1)       ; 0            ; 0          ; 0    ; 0            ; 1 (1)        ; 0 (0)             ; 0 (0)            ; 0 (0)           ; 0 (0)      ; |First_project|RELAY:RL             ; work         ;
;    |SETPOS:STPS|           ; 40 (40)     ; 14           ; 0          ; 0    ; 0            ; 26 (26)      ; 0 (0)             ; 14 (14)          ; 28 (28)         ; 0 (0)      ; |First_project|SETPOS:STPS          ; work         ;
;    |SPI_slave:SPI_MODULE|  ; 136 (136)   ; 134          ; 0          ; 0    ; 0            ; 2 (2)        ; 95 (95)           ; 39 (39)          ; 0 (0)           ; 0 (0)      ; |First_project|SPI_slave:SPI_MODULE ; work         ;
;    |five_sec:F_S|          ; 59 (59)     ; 24           ; 0          ; 0    ; 0            ; 35 (35)      ; 14 (14)           ; 10 (10)          ; 23 (23)         ; 0 (0)      ; |First_project|five_sec:F_S         ; work         ;
;    |frqdiv:FGD|            ; 90 (90)     ; 43           ; 0          ; 0    ; 0            ; 47 (47)      ; 27 (27)           ; 16 (16)          ; 32 (32)         ; 0 (0)      ; |First_project|frqdiv:FGD           ; work         ;
;    |stepdirdriver:SDRV|    ; 10 (10)     ; 8            ; 0          ; 0    ; 0            ; 2 (2)        ; 0 (0)             ; 8 (8)            ; 0 (0)           ; 0 (0)      ; |First_project|stepdirdriver:SDRV   ; work         ;
+----------------------------+-------------+--------------+------------+------+--------------+--------------+-------------------+------------------+-----------------+------------+-------------------------------------+--------------+
Note: For table entries with two numbers listed, the numbers in parentheses indicate the number of resources of the given type used by the specific entity alone. The numbers listed outside of parentheses indicate the total resources of the given type used by the specific entity and all of its sub-entities in the hierarchy.


+---------------------------------------------------------------------------------+
; Registers Removed During Synthesis                                              ;
+----------------------------------------+----------------------------------------+
; Register name                          ; Reason for Removal                     ;
+----------------------------------------+----------------------------------------+
; Humidity:Hum|HYM2[14..18]              ; Stuck at GND due to stuck port data_in ;
; Humidity:Hum|HYM2[13]                  ; Stuck at VCC due to stuck port data_in ;
; Humidity:Hum|HYM2[12]                  ; Stuck at GND due to stuck port data_in ;
; Humidity:Hum|HYM2[11]                  ; Stuck at VCC due to stuck port data_in ;
; Humidity:Hum|HYM2[10]                  ; Stuck at GND due to stuck port data_in ;
; Humidity:Hum|HYM2[9]                   ; Stuck at VCC due to stuck port data_in ;
; Humidity:Hum|HYM2[8]                   ; Stuck at GND due to stuck port data_in ;
; Humidity:Hum|HYM2[7]                   ; Stuck at VCC due to stuck port data_in ;
; Humidity:Hum|HYM2[0,6]                 ; Stuck at GND due to stuck port data_in ;
; Humidity:Hum|HYM2[5]                   ; Stuck at VCC due to stuck port data_in ;
; Humidity:Hum|HYM2[4]                   ; Stuck at GND due to stuck port data_in ;
; Humidity:Hum|HYM2[3]                   ; Stuck at VCC due to stuck port data_in ;
; Humidity:Hum|HYM2[2]                   ; Stuck at GND due to stuck port data_in ;
; Humidity:Hum|HYM2[1]                   ; Stuck at VCC due to stuck port data_in ;
; Humidity:Hum|HYM2[19,20]               ; Stuck at GND due to stuck port data_in ;
; Humidity:Hum|HYM2[21]                  ; Stuck at VCC due to stuck port data_in ;
; Humidity:Hum|HYM2[22]                  ; Stuck at GND due to stuck port data_in ;
; Humidity:Hum|HYM2[23]                  ; Stuck at VCC due to stuck port data_in ;
; Humidity:Hum|HYM2[24]                  ; Stuck at GND due to stuck port data_in ;
; Humidity:Hum|HYM2[25]                  ; Stuck at VCC due to stuck port data_in ;
; Humidity:Hum|HYM2[26]                  ; Stuck at GND due to stuck port data_in ;
; Humidity:Hum|HYM2[27]                  ; Stuck at VCC due to stuck port data_in ;
; Humidity:Hum|HYM2[28]                  ; Stuck at GND due to stuck port data_in ;
; Humidity:Hum|HYM2[29]                  ; Stuck at VCC due to stuck port data_in ;
; Humidity:Hum|HYM2[30]                  ; Stuck at GND due to stuck port data_in ;
; Humidity:Hum|HYM2[31]                  ; Stuck at VCC due to stuck port data_in ;
; Humidity:Hum|HYM2[32]                  ; Stuck at GND due to stuck port data_in ;
; Humidity:Hum|HYM2[33]                  ; Stuck at VCC due to stuck port data_in ;
; Humidity:Hum|HYM2[34]                  ; Stuck at GND due to stuck port data_in ;
; Humidity:Hum|HYM2[35]                  ; Stuck at VCC due to stuck port data_in ;
; Humidity:Hum|HYM2[36]                  ; Stuck at GND due to stuck port data_in ;
; Humidity:Hum|HYM2[37]                  ; Stuck at VCC due to stuck port data_in ;
; Humidity:Hum|HYM2[38,39]               ; Stuck at GND due to stuck port data_in ;
; SPI_slave:SPI_MODULE|HYM_send[0]       ; Stuck at GND due to stuck port data_in ;
; Humidity:Hum|mstate[2]                 ; Stuck at GND due to stuck port data_in ;
; frqdiv:FGD|j[0]                        ; Merged with frqdiv:FGD|i[0]            ;
; Total Number of Removed Registers = 43 ;                                        ;
+----------------------------------------+----------------------------------------+


+-------------------------------------------------------------------------------------------+
; Removed Registers Triggering Further Register Optimizations                               ;
+----------------------+---------------------------+----------------------------------------+
; Register name        ; Reason for Removal        ; Registers Removed due to This Register ;
+----------------------+---------------------------+----------------------------------------+
; Humidity:Hum|HYM2[0] ; Stuck at GND              ; SPI_slave:SPI_MODULE|HYM_send[0]       ;
;                      ; due to stuck port data_in ;                                        ;
+----------------------+---------------------------+----------------------------------------+


+------------------------------------------------------+
; General Register Statistics                          ;
+----------------------------------------------+-------+
; Statistic                                    ; Value ;
+----------------------------------------------+-------+
; Total registers                              ; 263   ;
; Number of registers using Synchronous Clear  ; 8     ;
; Number of registers using Synchronous Load   ; 17    ;
; Number of registers using Asynchronous Clear ; 0     ;
; Number of registers using Asynchronous Load  ; 0     ;
; Number of registers using Clock Enable       ; 149   ;
; Number of registers using Preset             ; 0     ;
+----------------------------------------------+-------+


+--------------------------------------------------+
; Inverted Register Statistics                     ;
+----------------------------------------+---------+
; Inverted Register                      ; Fan out ;
+----------------------------------------+---------+
; five_sec:F_S|flag_five_sec             ; 3       ;
; Total number of inverted registers = 1 ;         ;
+----------------------------------------+---------+


+--------------------------------------------------------------------------------------------------------------------------------------------------------------------------------+
; Multiplexer Restructuring Statistics (Restructuring Performed)                                                                                                                 ;
+--------------------+-----------+---------------+----------------------+------------------------+--------------------------------------------------+----------------------------+
; Multiplexer Inputs ; Bus Width ; Baseline Area ; Area if Restructured ; Saving if Restructured ; Registered                                       ; Example Multiplexer Output ;
+--------------------+-----------+---------------+----------------------+------------------------+--------------------------------------------------+----------------------------+
; 3:1                ; 38 bits   ; 76 LEs        ; 38 LEs               ; 38 LEs                 ; |First_project|SPI_slave:SPI_MODULE|HYM_send[25] ;                            ;
; 3:1                ; 11 bits   ; 22 LEs        ; 11 LEs               ; 11 LEs                 ; |First_project|SETPOS:STPS|angle_current[2]      ;                            ;
; 16:1               ; 4 bits    ; 40 LEs        ; 20 LEs               ; 20 LEs                 ; |First_project|stepdirdriver:SDRV|OUT[3]         ;                            ;
; 6:1                ; 16 bits   ; 64 LEs        ; 32 LEs               ; 32 LEs                 ; |First_project|Humidity:Hum|shet[5]              ;                            ;
; 11:1               ; 3 bits    ; 21 LEs        ; 6 LEs                ; 15 LEs                 ; |First_project|Humidity:Hum|mstate[0]            ;                            ;
+--------------------+-----------+---------------+----------------------+------------------------+--------------------------------------------------+----------------------------+


+-----------------------------------------------------------------------------------------------------------------------------------------------------------------------------------------------------------------------------+
; Port Connectivity Checks: "SETPOS:STPS"                                                                                                                                                                                     ;
+--------------------+-------+----------+-------------------------------------------------------------------------------------------------------------------------------------------------------------------------------------+
; Port               ; Type  ; Severity ; Details                                                                                                                                                                             ;
+--------------------+-------+----------+-------------------------------------------------------------------------------------------------------------------------------------------------------------------------------------+
; byte_data_received ; Input ; Warning  ; Input port expression (88 bits) is wider than the input port (16 bits) it drives.  The 72 most-significant bit(s) in the expression will be dangling if they have no other fanouts. ;
+--------------------+-------+----------+-------------------------------------------------------------------------------------------------------------------------------------------------------------------------------------+


+----------------------------------------------------------------------------------------------------------------+
; Port Connectivity Checks: "SPI_slave:SPI_MODULE"                                                               ;
+------+--------+----------+-------------------------------------------------------------------------------------+
; Port ; Type   ; Severity ; Details                                                                             ;
+------+--------+----------+-------------------------------------------------------------------------------------+
; LED  ; Output ; Info     ; Connected to dangling logic. Logic that only feeds a dangling port will be removed. ;
+------+--------+----------+-------------------------------------------------------------------------------------+


+-------------------------------+
; Analysis & Synthesis Messages ;
+-------------------------------+
Info: *******************************************************************
Info: Running Quartus II 32-bit Analysis & Synthesis
    Info: Version 11.1 Build 216 11/23/2011 Service Pack 1 SJ Full Version
    Info: Processing started: Wed Oct 29 23:36:15 2014
Info: Command: quartus_map --read_settings_files=on --write_settings_files=off First_project -c First_project
Info (20030): Parallel compilation is enabled and will use 4 of the 4 processors detected
Info (12021): Found 1 design units, including 1 entities, in source file frqdiv.v
    Info (12023): Found entity 1: frqdiv
Info (12021): Found 1 design units, including 1 entities, in source file spi_slave.v
    Info (12023): Found entity 1: SPI_slave
Info (12021): Found 1 design units, including 1 entities, in source file first_project.v
    Info (12023): Found entity 1: First_project
Info (12021): Found 1 design units, including 1 entities, in source file stepdirdriver.v
    Info (12023): Found entity 1: stepdirdriver
Info (12021): Found 1 design units, including 1 entities, in source file setpos.v
    Info (12023): Found entity 1: SETPOS
Info (12021): Found 1 design units, including 1 entities, in source file relay.v
    Info (12023): Found entity 1: RELAY
Info (12021): Found 1 design units, including 1 entities, in source file energy_saver.v
    Info (12023): Found entity 1: Energy_saver
Info (12021): Found 1 design units, including 1 entities, in source file pwm_channel1.v
    Info (12023): Found entity 1: PWM
Info (12021): Found 1 design units, including 1 entities, in source file humidity.v
    Info (12023): Found entity 1: Humidity
Info (12021): Found 1 design units, including 1 entities, in source file five_sec.v
    Info (12023): Found entity 1: five_sec
Info (12127): Elaborating entity "First_project" for the top level hierarchy
Warning (10034): Output port "Data_H_test" at First_project.v(29) has no driver
Info (12128): Elaborating entity "SPI_slave" for hierarchy "SPI_slave:SPI_MODULE"
Warning (10036): Verilog HDL or VHDL warning at spi_slave.v(15): object "SCK_fallingedge" assigned a value but never read
Warning (10036): Verilog HDL or VHDL warning at spi_slave.v(20): object "SSEL_startmessage" assigned a value but never read
Warning (10036): Verilog HDL or VHDL warning at spi_slave.v(21): object "SSEL_endmessage" assigned a value but never read
Warning (10036): Verilog HDL or VHDL warning at spi_slave.v(29): object "bit_cntr" assigned a value but never read
Warning (10034): Output port "LED" at spi_slave.v(6) has no driver
Info (12128): Elaborating entity "frqdiv" for hierarchy "frqdiv:FGD"
Info (12128): Elaborating entity "SETPOS" for hierarchy "SETPOS:STPS"
Info (12128): Elaborating entity "RELAY" for hierarchy "RELAY:RL"
Info (12128): Elaborating entity "stepdirdriver" for hierarchy "stepdirdriver:SDRV"
Info (12128): Elaborating entity "Energy_saver" for hierarchy "Energy_saver:E_s"
Info (12128): Elaborating entity "PWM" for hierarchy "PWM:p_w_m"
Info (12128): Elaborating entity "Humidity" for hierarchy "Humidity:Hum"
Info (12128): Elaborating entity "five_sec" for hierarchy "five_sec:F_S"
Info (13005): Duplicate registers merged to single register
Warning (12241): 1 hierarchies have connectivity warnings - see the Connectivity Checks report folder
Warning (13024): Output pins are stuck at VCC or GND
    Warning (13410): Pin "Data_H_test" is stuck at GND
    Warning (13410): Pin "mstate[2]" is stuck at GND
Info (21057): Implemented 565 device resources after synthesis - the final resource count might be different
    Info (21058): Implemented 5 input pins
    Info (21059): Implemented 22 output pins
    Info (21060): Implemented 1 bidirectional pins
    Info (21061): Implemented 537 logic cells
Info (144001): Generated suppressed messages file I:/Smart_Home/First_project.map.smsg
Info: Quartus II 32-bit Analysis & Synthesis was successful. 0 errors, 10 warnings
    Info: Peak virtual memory: 283 megabytes
    Info: Processing ended: Wed Oct 29 23:36:17 2014
    Info: Elapsed time: 00:00:02
    Info: Total CPU time (on all processors): 00:00:01


+------------------------------------------+
; Analysis & Synthesis Suppressed Messages ;
+------------------------------------------+
The suppressed messages can be found in I:/Smart_Home/First_project.map.smsg.


